// Jest Snapshot v1, https://goo.gl/fbAQLP

exports[`Debates Timeline 1`] = `
<div
  id="mytimeline"
/>
`;

exports[`Documents Timeline 1`] = `
<div
  id="mytimeline"
/>
`;
