// Jest Snapshot v1, https://goo.gl/fbAQLP

exports[`DocumentTextNodeList 1`] = `
<div
  className="document__text"
  onMouseUp={[MockFunction]}
>
  <DocumentTextNode
    documentNode={
      Object {
        "component": "p",
        "innerHTML": Array [
          "Section 1. Neither slavery nor involuntary servitude, except as a punishment for crime whereof the party shall have been duly convicted, shall exist within the United States, or any place subject to their jurisdiction.",
        ],
        "offset": 0,
      }
    }
  />
  <DocumentTextNode
    documentNode={
      Object {
        "component": "p",
        "innerHTML": Array [
          "Section 2. Congress shall have power to enforce this article by appropriate legislation.",
        ],
        "offset": 218,
      }
    }
  />
</div>
`;
