// Jest Snapshot v1, https://goo.gl/fbAQLP

exports[`FeedList 1`] = `
<div
  className="feed"
>
  <div
    className="feed__inner-container"
  />
</div>
`;
