// Jest Snapshot v1, https://goo.gl/fbAQLP

exports[`Home 1`] = `
Array [
  <section
    className="home__section"
  >
    <div
      className="home__section-content"
    >
      <h2
        className="home__h1 home__h1--center"
      >
        Are we lying to you? Is this out of context?
      </h2>
      <p
        className="home__body home__body--center"
      >
        Click one to see
      </p>
      <div
        className="home__social-container"
      >
        <a
          href="/foundation/presidential-debate-clinton-trump-1-of-3/cut:!(2879,2891.639892578125),fact:'1L4K9lUrKC8dQBxDQTZeIxNEeKIgZjMPaA7SURzBljQ=',kind:videoCut"
        >
          <div
            className="social_loading"
          />
        </a>
        <a
          href="/foundation/presidential-debate-clinton-trump-1-of-3/cut:!(2689.89990234375,2702.360107421875),fact:'1L4K9lUrKC8dQBxDQTZeIxNEeKIgZjMPaA7SURzBljQ=',kind:videoCut"
        >
          <div
            className="social_loading"
          />
        </a>
      </div>
      <h2
        className="home__h1 home__h1--center"
      >
        Don't let someone else decide for you.
      </h2>
      <p
        className="home__body home__body--center"
      >
        We're not tracking what you've said. We're not selling your attention.
      </p>
    </div>
  </section>,
  <section
    className="home__section home__section--dark"
  >
    <div
      className="home__section-content home__searchbar"
    >
      <h1
        className="home__h1"
      >
        Search the issues you care about for yourself
      </h1>
      <form
        action="javascript:void(0)"
        className="searchbar__form searchbar__form--home"
        onSubmit={[Function]}
      >
        <div
          className="searchbar__input-container searchbar__input-container--home"
        >
          <input
            className="searchbar__input searchbar__input--home"
            onChange={[Function]}
            placeholder="Search"
            results={5}
            type="search"
            value=""
          />
          <span
            className="searchbar__cancel searchbar__cancel--home searchbar__cancel--hidden"
            onClick={[Function]}
          >
            <svg
              fill="none"
              height={24}
              stroke="currentColor"
              strokeLinecap="round"
              strokeLinejoin="round"
              strokeWidth="2"
              viewBox="0 0 24 24"
              width={24}
              xmlns="http://www.w3.org/2000/svg"
            >
              <circle
                cx="12"
                cy="12"
                r="10"
              />
              <line
                x1="15"
                x2="9"
                y1="9"
                y2="15"
              />
              <line
                x1="9"
                x2="15"
                y1="9"
                y2="15"
              />
            </svg>
          </span>
        </div>
        <button
          className="searchbar__button searchbar__button--home"
          type="submit"
        >
          <span
            className="searchbar__text searchbar__text--home"
          >
            Search
          </span>
          <svg
            className="searchbar__icon searchbar__icon--home"
            fill="none"
            height={24}
            stroke="currentColor"
            strokeLinecap="round"
            strokeLinejoin="round"
            strokeWidth="2"
            viewBox="0 0 24 24"
            width={24}
            xmlns="http://www.w3.org/2000/svg"
          >
            <circle
              cx="11"
              cy="11"
              r="8"
            />
            <line
              x1="21"
              x2="16.65"
              y1="21"
              y2="16.65"
            />
          </svg>
        </button>
      </form>
      <ul
        className="home__ul"
      >
        <li
          className="home__li"
        >
          No editorializing, no filter, no algorithm
        </li>
        <li
          className="home__li"
        >
          Just the facts: who said what, and when
        </li>
        <li
          className="home__li"
        >
          Search every presidential debate in history (Kennedy/Nison to present), more to come
        </li>
      </ul>
    </div>
  </section>,
  <section
    className="home__section"
  >
    <div
      className="home__section-content"
    >
      <h3
        className="home__h3"
      >
        Helpful Tips
      </h3>
      <ol
        className="home__ol"
      >
        <li
          className="home__li"
        >
          Win arguments on social media.
          <div
            className="home__image-row"
          >
            <img
              src="/assets/permanent/share-screenshot-ab5ba7932a.png"
            />
            <img
              src="/assets/permanent/social-screenshot-bd2c04a8b6.png"
            />
          </div>
        </li>
        <li
          className="home__li"
        >
          Compare multiple search terms.
          <div
            className="home__image-row"
          >
            <a
              href="/search?q=climate%20change"
            >
              <img
                src="/assets/permanent/climate-change-3259792fdb.svg"
              />
            </a>
            <a
              href="/search?q=climate%20change%2C%20global%20warming"
            >
              <img
                src="/assets/permanent/climate-change-global-warming-9a5ca1a605.svg"
              />
            </a>
          </div>
        </li>
        <li
          className="home__li"
        >
          Exclude unhelpful results.
          <div
            className="home__image-row"
          >
            <a
              href="/search?q=wall"
            >
              <img
                src="/assets/permanent/wall-91744a6f80.svg"
              />
            </a>
            <a
              href="/search?q=wall%2C%20-wall%20street"
            >
              <img
                src="/assets/permanent/wall-minus-wall-street-5b731d08ed.svg"
              />
            </a>
          </div>
        </li>
      </ol>
    </div>
  </section>,
  <section
    className="home__section home__section--dark"
  >
    <div
      className="home__section-content"
    >
      <h2
        className="home__h2"
      >
        Get involved
      </h2>
      <div
        className="home__link-container"
      >
        <a
          className="home__link"
          href="https://meta.mytake.org/c/educators"
        >
          Forum for teachers
        </a>
        <a
          className="home__link"
          href="https://github.com/mytakedotorg/mytakedotorg/blob/staging/DEV_QUICKSTART.md"
        >
          GitHub repo for developers
        </a>
        <a
          className="home__link"
          href="https://meta.mytake.org/c/our-foundation"
        >
          Help us add more facts
        </a>
        <a
          className="home__link"
          href="https://meta.mytake.org/c/governance"
        >
          Donate money to keep it running
        </a>
      </div>
    </div>
  </section>,
]
`;
