// Jest Snapshot v1, https://goo.gl/fbAQLP

exports[`DrawerContents - GetInvolved 1`] = `<GetInvolved />`;

exports[`DrawerContents - WhatIsThis 1`] = `
Array [
  <WhatIsThis />,
  <HowToUseThis />,
]
`;
