// Jest Snapshot v1, https://goo.gl/fbAQLP

exports[`WhatIsThis 1`] = `
<HomeSection>
  <h2
    className="home__h1 home__h1--animated"
  >
    <AnimatedHeading
      onFinishTyping={[Function]}
    />
    <NGramLoader
      searchQuery=""
    />
  </h2>
</HomeSection>
`;
